Traceback (most recent call last):
  File "C:\Users\jthow\miniconda3\envs\ml_venv\lib\site-packages\jupyter_cache\executors\utils.py", line 58, in single_nb_execution
    executenb(
  File "C:\Users\jthow\miniconda3\envs\ml_venv\lib\site-packages\nbclient\client.py", line 1305, in execute
    return NotebookClient(nb=nb, resources=resources, km=km, **kwargs).execute()
  File "C:\Users\jthow\miniconda3\envs\ml_venv\lib\site-packages\jupyter_core\utils\__init__.py", line 166, in wrapped
    return loop.run_until_complete(inner)
  File "C:\Users\jthow\miniconda3\envs\ml_venv\lib\asyncio\base_events.py", line 647, in run_until_complete
    return future.result()
  File "C:\Users\jthow\miniconda3\envs\ml_venv\lib\site-packages\nbclient\client.py", line 705, in async_execute
    await self.async_execute_cell(
  File "C:\Users\jthow\miniconda3\envs\ml_venv\lib\site-packages\nbclient\client.py", line 1058, in async_execute_cell
    await self._check_raise_for_error(cell, cell_index, exec_reply)
  File "C:\Users\jthow\miniconda3\envs\ml_venv\lib\site-packages\nbclient\client.py", line 914, in _check_raise_for_error
    raise CellExecutionError.from_cell_and_msg(cell, exec_reply_content)
nbclient.exceptions.CellExecutionError: An error occurred while executing the following cell:
------------------
from sklearn.linear_model import LogisticRegression
from sklearn.metrics import mean_absolute_percentage_error, mean_squared_error, r2_score, precision_score, recall_score, f1_score, accuracy_score, roc_auc_score
from statsmodels.stats.diagnostic import acorr_ljungbox
from scipy.stats import jarque_bera
import numpy as np
import pandas as pd

# Suponiendo que ya tienes los datos X_train, X_test, y_train, y_test

# Entrenar el modelo de regresión logística con regularización L1
logistic_l1 = LogisticRegression(penalty='l1', solver='liblinear', max_iter=1000)
logistic_l1.fit(X_train, y_train)

# Hacer predicciones con el modelo L1
y_pred_l1 = logistic_l1.predict(X_test)

# Calcular las probabilidades predichas para L1
y_pred_proba_l1 = logistic_l1.predict_proba(X_test)[:, 1]

# Calcular las nuevas métricas para l1
precision_l1 = precision_score(y_test, y_pred_l1, average='weighted')
recall_l1 = recall_score(y_test, y_pred_l1, average='weighted')
accuracy_l1 = accuracy_score(y_test, y_pred_l1)
f1_l1 = f1_score(y_test, y_pred_l1, average='weighted')
auc_l1 = roc_auc_score(y_test, y_pred_proba_l1)

# Resultados para L1
metrics_l1 = {
    "Precision": f"{precision_l1:.2f}",
    "Recall": f"{recall_l1:.2f}",
    "Accuracy": f"{accuracy_l1:.2f}",
    "F1-Score": f"{f1_l1:.2f}",
    "AUC": f"{auc_l1:.2f}"
}

# Entrenar el modelo de regresión logística con regularización L2
logistic_l2 = LogisticRegression(penalty='l2', max_iter=1000)
logistic_l2.fit(X_train, y_train)

# Calcular las probabilidades predichas para L2
y_pred_proba_l2 = logistic_l2.predict_proba(X_test)[:, 1]

# Calcular las nuevas métricas para L2
precision_l2 = precision_score(y_test, y_pred_l2, average='weighted')
recall_l2 = recall_score(y_test, y_pred_l2, average='weighted')
accuracy_l2 = accuracy_score(y_test, y_pred_l2)
f1_l2 = f1_score(y_test, y_pred_l2, average='weighted')
auc_l2 = roc_auc_score(y_test, y_pred_proba_l2)
accuracy_l2 = accuracy_score(y_test, y_pred_l2)
f1_l2 = f1_score(y_test, y_pred_l2, average='weighted')
auc_l2 = roc_auc_score(y_test, y_pred_proba_l2)

# Resultados para L2
metrics_l2 = {
    "Precision": f"{precision_l2:.2f}",
    "Recall": f"{recall_l2:.2f}",
    "Accuracy": f"{accuracy_l2:.2f}",
    "F1-Score": f"{f1_l2:.2f}",
    "AUC": f"{auc_l2:.2f}"
}

# Crear un DataFrame combinado para las métricas de L1 y L2
metrics_logistic_df = pd.DataFrame({"Logistic L1": metrics_l1, "Logistic L2": metrics_l2}).T

# Redondear los valores a dos decimales
metrics_logistic_df = metrics_logistic_df.round(2)

# Mostrar la tabla combinada
print("Métricas para Logistic L1 y L2:")
print(metrics_logistic_df)

------------------


[1;31m---------------------------------------------------------------------------[0m
[1;31mNameError[0m                                 Traceback (most recent call last)
Cell [1;32mIn[12], line 44[0m
[0;32m     41[0m y_pred_proba_l2 [38;5;241m=[39m logistic_l2[38;5;241m.[39mpredict_proba(X_test)[:, [38;5;241m1[39m]
[0;32m     43[0m [38;5;66;03m# Calcular las nuevas métricas para L2[39;00m
[1;32m---> 44[0m precision_l2 [38;5;241m=[39m precision_score(y_test, [43my_pred_l2[49m, average[38;5;241m=[39m[38;5;124m'[39m[38;5;124mweighted[39m[38;5;124m'[39m)
[0;32m     45[0m recall_l2 [38;5;241m=[39m recall_score(y_test, y_pred_l2, average[38;5;241m=[39m[38;5;124m'[39m[38;5;124mweighted[39m[38;5;124m'[39m)
[0;32m     46[0m accuracy_l2 [38;5;241m=[39m accuracy_score(y_test, y_pred_l2)

[1;31mNameError[0m: name 'y_pred_l2' is not defined

